vocstartsoft:~/environment $ git --version
git version 2.17.1
vocstartsoft:~/environment $ git config --global user.name "digitalmononoke"
vocstartsoft:~/environment $ git config --global user.email oldhouse1929@gmail.com
vocstartsoft:~/environment $ dir
README.md
vocstartsoft:~/environment $ git clone https://github.com/digitalmononoke/dm-repo.git
Cloning into 'dm-repo'...
remote: Enumerating objects: 3, done.
remote: Counting objects: 100% (3/3), done.
remote: Compressing objects: 100% (2/2), done.
remote: Total 3 (delta 0), reused 0 (delta 0), pack-reused 0
Unpacking objects: 100% (3/3), done.
vocstartsoft:~/environment $ dir
README.md  dm-repo
vocstartsoft:~/environment $ cd dm-repo
vocstartsoft:~/environment/dm-repo (main) $ git status
On branch main
Your branch is up to date with 'origin/main'.

Untracked files:
  (use "git add <file>..." to include in what will be committed)

        bird.txt
        insect.txt
        reptile.txt

nothing added to commit but untracked files present (use "git add" to track)
vocstartsoft:~/environment/dm-repo (main) $ git add --all
vocstartsoft:~/environment/dm-repo (main) $ git status
On branch main
Your branch is up to date with 'origin/main'.

Changes to be committed:
  (use "git reset HEAD <file>..." to unstage)

        new file:   bird.txt
        new file:   insect.txt
        new file:   reptile.txt

vocstartsoft:~/environment/dm-repo (main) $ git commit -m "Added information about birds, insects, and reptiles."
[main 11da9c7] Added information about birds, insects, and reptiles.
 3 files changed, 15 insertions(+)
 create mode 100644 bird.txt
 create mode 100644 insect.txt
 create mode 100644 reptile.txt
vocstartsoft:~/environment/dm-repo (main) $ git push
Username for 'https://github.com/digitalmononoke/dm-repo.git': digitalmononoke
Password for 'https://digitalmononoke@github.com/digitalmononoke/dm-repo.git': 
Counting objects: 5, done.
Compressing objects: 100% (5/5), done.
Writing objects: 100% (5/5), 841 bytes | 120.00 KiB/s, done.
Total 5 (delta 0), reused 0 (delta 0)
To https://github.com/digitalmononoke/dm-repo.git
   c073faf..11da9c7  main -> main
vocstartsoft:~/environment/dm-repo (main) $ 
